<?xml version="1.0" encoding="utf-8"?><testsuites name="pytest tests"><testsuite name="pytest" errors="0" failures="0" skipped="2" tests="277" time="51.463" timestamp="2025-08-17T19:32:31.320437+02:00" hostname="Qubit"><testcase classname="tests.unit.benchmark.test_benchmark.TestBenchmarkRunnerInitialization" name="test_basic_initialization" time="0.616" /><testcase classname="tests.unit.benchmark.test_benchmark.TestBenchmarkRunnerInitialization" name="test_initialization_with_optional_params" time="0.001" /><testcase classname="tests.unit.benchmark.test_benchmark.TestBenchmarkRunnerInitialization" name="test_initialization_data_dir_only" time="0.001" /><testcase classname="tests.unit.benchmark.test_benchmark.TestBenchmarkRunnerProperties" name="test_data_directory_property" time="0.001" /><testcase classname="tests.unit.benchmark.test_benchmark.TestBenchmarkRunnerProperties" name="test_output_directory_property" time="0.001" /><testcase classname="tests.unit.benchmark.test_benchmark.TestBenchmarkRunnerProperties" name="test_peptide_threshold_property" time="0.001" /><testcase classname="tests.unit.benchmark.test_benchmark.TestBenchmarkRunnerProperties" name="test_error_tracker_availability" time="0.001" /><testcase classname="tests.unit.benchmark.test_benchmark.TestBenchmarkRunnerUnitBehavior" name="test_benchmark_params_creation" time="0.000" /><testcase classname="tests.unit.benchmark.test_benchmark.TestBenchmarkRunnerUnitBehavior" name="test_benchmark_result_creation" time="0.000" /><testcase classname="tests.unit.benchmark.test_benchmark.TestBenchmarkRunnerUnitBehavior" name="test_benchmark_result_failure" time="0.000" /><testcase classname="tests.unit.benchmark.test_benchmark.TestBenchmarkRunnerMockingPatterns" name="test_protein_file_resolution_mock" time="0.002" /><testcase classname="tests.unit.benchmark.test_benchmark.TestBenchmarkRunnerMockingPatterns" name="test_ligand_loading_mock" time="0.002" /><testcase classname="tests.unit.benchmark.test_benchmark.TestBenchmarkRunnerErrorHandling" name="test_invalid_data_directory_handling" time="0.001" /><testcase classname="tests.unit.benchmark.test_benchmark.TestBenchmarkRunnerErrorHandling" name="test_benchmark_result_error_fields" time="0.000" /><testcase classname="tests.unit.benchmark.test_benchmark" name="test_peptide_threshold_values[1]" time="0.001" /><testcase classname="tests.unit.benchmark.test_benchmark" name="test_peptide_threshold_values[5]" time="0.001" /><testcase classname="tests.unit.benchmark.test_benchmark" name="test_peptide_threshold_values[8]" time="0.001" /><testcase classname="tests.unit.benchmark.test_benchmark" name="test_peptide_threshold_values[10]" time="0.001" /><testcase classname="tests.unit.benchmark.test_benchmark" name="test_peptide_threshold_values[20]" time="0.011" /><testcase classname="tests.unit.benchmark.test_benchmark" name="test_error_tracking_configuration[True]" time="0.001" /><testcase classname="tests.unit.benchmark.test_benchmark" name="test_error_tracking_configuration[False]" time="0.001" /><testcase classname="tests.unit.benchmark.test_benchmark_error_tracking.TestMissingPDBRecord" name="test_missing_pdb_record_creation" time="0.000" /><testcase classname="tests.unit.benchmark.test_benchmark_error_tracking.TestMissingPDBRecord" name="test_missing_pdb_record_to_dict" time="0.000" /><testcase classname="tests.unit.benchmark.test_benchmark_error_tracking.TestMissingPDBRecord" name="test_missing_pdb_record_default_timestamp" time="0.001" /><testcase classname="tests.unit.benchmark.test_benchmark_error_tracking.TestBenchmarkErrorSummary" name="test_error_summary_creation" time="0.000" /><testcase classname="tests.unit.benchmark.test_benchmark_error_tracking.TestBenchmarkErrorSummary" name="test_error_summary_to_dict" time="0.000" /><testcase classname="tests.unit.benchmark.test_benchmark_error_tracking.TestBenchmarkErrorTracker" name="test_tracker_initialization" time="0.001" /><testcase classname="tests.unit.benchmark.test_benchmark_error_tracking.TestBenchmarkErrorTracker" name="test_record_target_failure" time="0.001" /><testcase classname="tests.unit.benchmark.test_benchmark_error_tracking.TestBenchmarkErrorTracker" name="test_record_missing_pdb_if_exists" time="0.001" /><testcase classname="tests.unit.benchmark.test_benchmark_error_tracking.TestBenchmarkErrorTracker" name="test_get_error_statistics" time="0.001" /><testcase classname="tests.unit.benchmark.test_benchmark_error_tracking.TestBenchmarkErrorTracker" name="test_save_and_load_error_report" time="0.001" /><testcase classname="tests.unit.benchmark.test_benchmark_error_tracking.TestBenchmarkErrorTracker" name="test_generate_summary_report" time="0.001" /><testcase classname="tests.unit.benchmark.test_benchmark_error_tracking.TestBenchmarkErrorTracker" name="test_print_error_summary" time="0.001" /><testcase classname="tests.unit.benchmark.test_benchmark_error_tracking.TestBenchmarkErrorTracker" name="test_multiple_error_tracking" time="0.001" /><testcase classname="tests.unit.benchmark.test_benchmark_error_tracking.TestBenchmarkErrorTracker" name="test_error_deduplication" time="0.001" /><testcase classname="tests.unit.benchmark.test_benchmark_error_tracking.TestBenchmarkErrorTracker" name="test_get_missing_pdbs_by_type" time="0.000" /><testcase classname="tests.unit.benchmark.test_benchmark_error_tracking.TestBenchmarkErrorTracker" name="test_error_context_handling" time="0.001" /><testcase classname="tests.unit.benchmark.test_benchmark_error_tracking.TestBenchmarkErrorTrackerIntegration" name="test_workspace_integration" time="0.001" /><testcase classname="tests.unit.benchmark.test_benchmark_error_tracking.TestBenchmarkErrorTrackerIntegration" name="test_file_operations" time="0.001" /><testcase classname="tests.unit.benchmark.test_benchmark_error_tracking.TestBenchmarkErrorTrackerIntegration" name="test_error_timeline_if_exists" time="0.000" /><testcase classname="tests.unit.benchmark.test_benchmark_error_tracking" name="test_various_error_types[1abc-file_not_found]" time="0.001" /><testcase classname="tests.unit.benchmark.test_benchmark_error_tracking" name="test_various_error_types[2def-structure_invalid]" time="0.001" /><testcase classname="tests.unit.benchmark.test_benchmark_error_tracking" name="test_various_error_types[3ghi-processing_timeout]" time="0.001" /><testcase classname="tests.unit.benchmark.test_benchmark_error_tracking" name="test_various_error_types[4jkl-memory_error]" time="0.001" /><testcase classname="tests.unit.benchmark.test_benchmark_runner.TestBenchmarkParams" name="test_benchmark_params_creation" time="0.000" /><testcase classname="tests.unit.benchmark.test_benchmark_runner.TestBenchmarkParams" name="test_benchmark_params_with_optional_fields" time="0.000" /><testcase classname="tests.unit.benchmark.test_benchmark_runner.TestBenchmarkParams" name="test_benchmark_params_empty_exclude_set" time="0.000" /><testcase classname="tests.unit.benchmark.test_benchmark_runner.TestBenchmarkParams" name="test_benchmark_params_dataclass_properties" time="0.000" /><testcase classname="tests.unit.benchmark.test_benchmark_runner.TestBenchmarkResult" name="test_successful_benchmark_result" time="0.000" /><testcase classname="tests.unit.benchmark.test_benchmark_runner.TestBenchmarkResult" name="test_failed_benchmark_result" time="0.000" /><testcase classname="tests.unit.benchmark.test_benchmark_runner.TestBenchmarkResult" name="test_benchmark_result_to_dict_success" time="0.001" /><testcase classname="tests.unit.benchmark.test_benchmark_runner.TestBenchmarkResult" name="test_benchmark_result_to_dict_failure" time="0.001" /><testcase classname="tests.unit.benchmark.test_benchmark_runner.TestBenchmarkResult" name="test_benchmark_result_to_dict_handles_serialization" time="0.001" /><testcase classname="tests.unit.benchmark.test_benchmark_runner.TestMemoryMonitoring" name="test_monitor_memory_usage_normal" time="0.002" /><testcase classname="tests.unit.benchmark.test_benchmark_runner.TestMemoryMonitoring" name="test_monitor_memory_usage_warning" time="0.002" /><testcase classname="tests.unit.benchmark.test_benchmark_runner.TestMemoryMonitoring" name="test_monitor_memory_usage_critical" time="0.002" /><testcase classname="tests.unit.benchmark.test_benchmark_runner.TestMemoryMonitoring" name="test_monitor_memory_usage_no_psutil" time="0.001" /><testcase classname="tests.unit.benchmark.test_benchmark_runner.TestMemoryMonitoring" name="test_monitor_memory_usage_error" time="0.001" /><testcase classname="tests.unit.benchmark.test_benchmark_runner.TestMemoryMonitoring" name="test_cleanup_memory" time="0.095" /><testcase classname="tests.unit.benchmark.test_benchmark_runner.TestBenchmarkRunner" name="test_benchmark_runner_initialization" time="0.001" /><testcase classname="tests.unit.benchmark.test_benchmark_runner.TestBenchmarkRunner" name="test_benchmark_runner_with_options" time="0.011" /><testcase classname="tests.unit.benchmark.test_benchmark_runner.TestBenchmarkRunner" name="test_run_single_target_success" time="0.092" /><testcase classname="tests.unit.benchmark.test_benchmark_runner.TestBenchmarkRunner" name="test_get_protein_file_exists" time="0.002" /><testcase classname="tests.unit.benchmark.test_benchmark_runner.TestBenchmarkRunner" name="test_benchmark_function_interface" time="0.001" /><testcase classname="tests.unit.benchmark.test_benchmark_runner.TestBenchmarkRunner" name="test_benchmark_result_runtime_tracking" time="0.011" /><testcase classname="tests.unit.benchmark.test_benchmark_runner.TestBenchmarkRunnerIntegration" name="test_runner_with_mocked_dependencies" time="0.001" /><testcase classname="tests.unit.benchmark.test_benchmark_runner.TestBenchmarkRunnerIntegration" name="test_runner_error_handling" time="0.089" /><testcase classname="tests.unit.benchmark.test_benchmark_runner.TestBenchmarkRunnerIntegration" name="test_memory_cleanup_integration" time="0.100" /><testcase classname="tests.unit.benchmark.test_benchmark_runner" name="test_benchmark_result_variations[True-60.0-None]" time="0.000" /><testcase classname="tests.unit.benchmark.test_benchmark_runner" name="test_benchmark_result_variations[False-0.0-Processing failed]" time="0.000" /><testcase classname="tests.unit.benchmark.test_benchmark_runner" name="test_benchmark_result_variations[True-120.5-None]" time="0.000" /><testcase classname="tests.unit.benchmark.test_benchmark_runner" name="test_benchmark_result_variations[False-30.0-Timeout error]" time="0.000" /><testcase classname="tests.unit.benchmark.test_benchmark_runner" name="test_benchmark_params_variations[50-20-300]" time="0.000" /><testcase classname="tests.unit.benchmark.test_benchmark_runner" name="test_benchmark_params_variations[100-50-600]" time="0.000" /><testcase classname="tests.unit.benchmark.test_benchmark_runner" name="test_benchmark_params_variations[200-100-300]" time="0.000" /><testcase classname="tests.unit.benchmark.test_benchmark_summary.TestBenchmarkSummaryGenerator" name="test_initialization" time="0.000" /><testcase classname="tests.unit.benchmark.test_benchmark_summary.TestBenchmarkSummaryGenerator" name="test_detect_benchmark_type_polaris" time="0.000" /><testcase classname="tests.unit.benchmark.test_benchmark_summary.TestBenchmarkSummaryGenerator" name="test_detect_benchmark_type_timesplit" time="0.000" /><testcase classname="tests.unit.benchmark.test_benchmark_summary.TestBenchmarkSummaryGenerator" name="test_detect_benchmark_type_generic" time="0.000" /><testcase classname="tests.unit.benchmark.test_benchmark_summary.TestBenchmarkSummaryGenerator" name="test_detect_empty_benchmark_type" time="0.000" /><testcase classname="tests.unit.benchmark.test_benchmark_summary.TestBenchmarkSummaryGenerator" name="test_generate_unified_summary_basic" time="0.001" /><testcase classname="tests.unit.benchmark.test_benchmark_summary.TestBenchmarkSummaryGenerator" name="test_generate_unified_summary_json" time="0.001" /><testcase classname="tests.unit.benchmark.test_benchmark_summary.TestBenchmarkSummaryGenerator" name="test_save_summary_files_basic" time="0.001" /><testcase classname="tests.unit.benchmark.test_benchmark_summary.TestBenchmarkSummaryGenerator" name="test_save_summary_files_multiple_formats" time="0.001" /><testcase classname="tests.unit.benchmark.test_benchmark_summary.TestBenchmarkSummaryGenerator" name="test_save_summary_files_no_pandas" time="0.001" /><testcase classname="tests.unit.benchmark.test_benchmark_summary.TestBenchmarkSummaryGenerator" name="test_supported_formats_attribute" time="0.000" /><testcase classname="tests.unit.benchmark.test_benchmark_summary.TestBenchmarkSummaryPrivateMethods" name="test_generate_polaris_summary" time="0.000" /><testcase classname="tests.unit.benchmark.test_benchmark_summary.TestBenchmarkSummaryPrivateMethods" name="test_generate_timesplit_summary" time="0.001" /><testcase classname="tests.unit.benchmark.test_benchmark_summary.TestBenchmarkSummaryPrivateMethods" name="test_generate_generic_summary" time="0.000" /><testcase classname="tests.unit.benchmark.test_benchmark_summary.TestBenchmarkSummaryPrivateMethods" name="test_calculate_polaris_metrics" time="0.000" /><testcase classname="tests.unit.benchmark.test_benchmark_summary.TestBenchmarkSummaryPrivateMethods" name="test_calculate_timesplit_metrics" time="0.001" /><testcase classname="tests.unit.benchmark.test_benchmark_summary.TestBenchmarkSummaryPrivateMethods" name="test_format_output_methods" time="0.000" /><testcase classname="tests.unit.benchmark.test_benchmark_summary.TestBenchmarkSummaryPrivateMethods" name="test_clean_data_for_display" time="0.000" /><testcase classname="tests.unit.benchmark.test_benchmark_summary.TestBenchmarkSummaryIntegration" name="test_full_pipeline_with_sample_data" time="0.001" /><testcase classname="tests.unit.benchmark.test_benchmark_summary.TestBenchmarkSummaryIntegration" name="test_error_handling_with_invalid_data" time="0.000" /><testcase classname="tests.unit.benchmark.test_benchmark_summary.TestBenchmarkSummaryIntegration" name="test_empty_results_handling" time="0.000" /><testcase classname="tests.unit.benchmark.test_benchmark_summary.TestBenchmarkSummaryFileOperations" name="test_json_file_creation" time="0.001" /><testcase classname="tests.unit.benchmark.test_benchmark_summary.TestBenchmarkSummaryFileOperations" name="test_multiple_summary_files" time="0.001" /><testcase classname="tests.unit.benchmark.test_benchmark_summary.TestBenchmarkSummaryFileOperations" name="test_generate_summary_from_files_function" time="0.005" /><testcase classname="tests.unit.benchmark.test_benchmark_summary" name="test_unified_summary_formats[pandas]" time="0.001" /><testcase classname="tests.unit.benchmark.test_benchmark_summary" name="test_unified_summary_formats[dict]" time="0.001" /><testcase classname="tests.unit.benchmark.test_benchmark_summary" name="test_benchmark_type_detection_parametrized[benchmark_data0-polaris]" time="0.000" /><testcase classname="tests.unit.benchmark.test_benchmark_summary" name="test_benchmark_type_detection_parametrized[benchmark_data1-timesplit]" time="0.000" /><testcase classname="tests.unit.benchmark.test_benchmark_summary" name="test_benchmark_type_detection_parametrized[benchmark_data2-generic]" time="0.000" /><testcase classname="tests.unit.benchmark.test_benchmark_summary" name="test_benchmark_type_detection_parametrized[benchmark_data3-empty]" time="0.000" /><testcase classname="tests.unit.cli.test_cli_commands.TestArgumentParsing" name="test_embed_command_args" time="3.831" /><testcase classname="tests.unit.cli.test_cli_commands.TestArgumentParsing" name="test_find_templates_command_args" time="0.130" /><testcase classname="tests.unit.cli.test_cli_commands.TestArgumentParsing" name="test_generate_poses_command_args" time="0.131" /><testcase classname="tests.unit.cli.test_cli_commands.TestArgumentParsing" name="test_run_command_args" time="0.131" /><testcase classname="tests.unit.cli.test_cli_commands.TestArgumentParsing" name="test_invalid_argument_combinations" time="0.130" /><testcase classname="tests.unit.cli.test_cli_commands.TestInputValidation" name="test_file_path_validation" time="0.502" /><testcase classname="tests.unit.cli.test_cli_commands.TestInputValidation" name="test_smiles_validation" time="5.065" /><testcase classname="tests.unit.cli.test_cli_commands.TestInputValidation" name="test_parameter_range_validation" time="0.528" /><testcase classname="tests.unit.cli.test_cli_commands.TestCommandStructure" name="test_all_subcommands_registered" time="0.135" /><testcase classname="tests.unit.cli.test_cli_commands.TestCommandStructure" name="test_subcommand_help_available" time="0.529" /><testcase classname="tests.unit.cli.test_cli_commands.TestCommandStructure" name="test_unknown_command_handling" time="0.131" /><testcase classname="tests.unit.cli.test_cli_commands.TestDefaultValues" name="test_default_output_directory" time="0.127" /><testcase classname="tests.unit.cli.test_cli_commands.TestDefaultValues" name="test_default_log_level" time="0.132" /><testcase classname="tests.unit.cli.test_cli_commands.TestDefaultValues" name="test_default_conformers" time="0.131" /><testcase classname="tests.unit.cli.test_cli_commands" name="test_time_split_benchmark_help" time="0.133" /><testcase classname="tests.unit.cli.test_cli_commands" name="test_time_split_benchmark_dry_run" time="0.128" /><testcase classname="tests.unit.cli.test_cli_commands" name="test_beginner_user_no_attribute_errors" time="5.930" /><testcase classname="tests.unit.cli.test_cli_commands" name="test_log_level_argument_always_available" time="0.274" /><testcase classname="tests.unit.cli.test_cli_error_handling.TestInputErrors" name="test_missing_file_error" time="0.506" /><testcase classname="tests.unit.cli.test_cli_error_handling.TestInputErrors" name="test_invalid_smiles_error" time="0.533" /><testcase classname="tests.unit.cli.test_cli_error_handling.TestInputErrors" name="test_invalid_pdb_id_error" time="4.499" /><testcase classname="tests.unit.cli.test_cli_error_handling.TestInputErrors" name="test_missing_required_arguments" time="0.620" /><testcase classname="tests.unit.cli.test_cli_error_handling.TestSystemErrors" name="test_missing_dependency_error" time="4.469" /><testcase classname="tests.unit.cli.test_cli_error_handling.TestSystemErrors" name="test_permission_error_handling" time="3.596" /><testcase classname="tests.unit.cli.test_cli_error_handling.TestSystemErrors" name="test_disk_space_error_handling" time="3.688" /><testcase classname="tests.unit.cli.test_cli_error_handling.TestUserFeedback" name="test_user_friendly_error_messages" time="0.498" /><testcase classname="tests.unit.cli.test_cli_error_handling.TestUserFeedback" name="test_suggestions_for_common_errors" time="0.131" /><testcase classname="tests.unit.cli.test_cli_error_handling.TestUserFeedback" name="test_proper_exit_codes" time="0.903" /><testcase classname="tests.unit.cli.test_cli_error_handling.TestUserFeedback" name="test_no_stack_traces_in_user_errors" time="0.834" /><testcase classname="tests.unit.cli.test_cli_error_handling.TestUserFeedback" name="test_helpful_command_suggestions" time="0.131" /><testcase classname="tests.unit.cli.test_cli_help_system.TestHelpSystem" name="test_main_help_content" time="0.126" /><testcase classname="tests.unit.cli.test_cli_help_system.TestHelpSystem" name="test_simple_help_formatting" time="0.134" /><testcase classname="tests.unit.cli.test_cli_help_system.TestHelpSystem" name="test_examples_help_commands" time="0.125" /><testcase classname="tests.unit.cli.test_cli_help_system.TestHelpSystem" name="test_performance_help_accuracy" time="0.126" /><testcase classname="tests.unit.cli.test_cli_help_system.TestHelpSystem" name="test_ascii_banner_display" time="0.125" /><testcase classname="tests.unit.cli.test_cli_help_system.TestHelpSystem" name="test_help_navigation" time="0.643" /><testcase classname="tests.unit.cli.test_cli_help_system.TestHelpSystem" name="test_invalid_help_requests" time="0.135" /><testcase classname="tests.unit.cli.test_cli_help_system.TestCommandSpecificHelp" name="test_embed_command_help" time="0.135" /><testcase classname="tests.unit.cli.test_cli_help_system.TestCommandSpecificHelp" name="test_find_templates_command_help" time="0.134" /><testcase classname="tests.unit.cli.test_cli_help_system.TestCommandSpecificHelp" name="test_generate_poses_command_help" time="0.126" /><testcase classname="tests.unit.cli.test_cli_help_system.TestCommandSpecificHelp" name="test_run_command_help" time="0.130" /><testcase classname="tests.unit.cli.test_cli_help_system.TestRichFormatting" name="test_help_output_structure" time="0.127" /><testcase classname="tests.unit.cli.test_cli_help_system.TestRichFormatting" name="test_cross_platform_compatibility" time="0.124" /><testcase classname="tests.unit.cli.test_cli_performance.TestCLIPerformance" name="test_lazy_loading_verification" time="0.129" /><testcase classname="tests.unit.cli.test_cli_progress.TestProgressIndicators" name="test_estimate_operation_time" time="0.001" /><testcase classname="tests.unit.cli.test_cli_progress.TestProgressIndicators" name="test_hardware_status_function" time="0.000" /><testcase classname="tests.unit.cli.test_cli_progress.TestProgressIndicators" name="test_operation_type_coverage" time="0.000" /><testcase classname="tests.unit.cli.test_cli_progress.TestProgressIndicators" name="test_operation_type_enum" time="0.000" /><testcase classname="tests.unit.cli.test_cli_progress.TestProgressIndicators" name="test_progress_context_manager" time="0.001" /><testcase classname="tests.unit.cli.test_cli_progress.TestProgressIndicators" name="test_progress_context_with_tqdm" time="0.002" /><testcase classname="tests.unit.cli.test_cli_progress.TestProgressIndicators" name="test_progress_context_without_tqdm" time="0.001" /><testcase classname="tests.unit.cli.test_cli_progress.TestProgressIndicators" name="test_progress_output_capture" time="0.001" /><testcase classname="tests.unit.cli.test_cli_progress.TestProgressIndicators" name="test_progress_style_enum" time="0.000" /><testcase classname="tests.unit.cli.test_cli_progress.TestProgressIndicators" name="test_progress_tracker_different_operations" time="0.001" /><testcase classname="tests.unit.cli.test_cli_progress.TestProgressIndicators" name="test_progress_tracker_finish" time="0.001" /><testcase classname="tests.unit.cli.test_cli_progress.TestProgressIndicators" name="test_progress_tracker_set_description" time="0.001" /><testcase classname="tests.unit.cli.test_cli_progress.TestProgressIndicators" name="test_progress_tracker_thread_safety" time="0.014" /><testcase classname="tests.unit.cli.test_cli_progress.TestProgressIndicators" name="test_progress_tracker_update" time="0.001" /><testcase classname="tests.unit.cli.test_cli_progress.TestProgressIndicators" name="test_progress_tracker_with_negative_total" time="0.001" /><testcase classname="tests.unit.cli.test_cli_progress.TestProgressIndicators" name="test_progress_tracker_with_zero_total" time="0.001" /><testcase classname="tests.unit.cli.test_cli_progress.TestProgressIndicators" name="test_simple_progress_bar" time="0.000" /><testcase classname="tests.unit.cli.test_cli_workspace.TestWorkspaceCLI" name="test_cleanup_workspaces_basic" time="0.001" /><testcase classname="tests.unit.cli.test_cli_workspace.TestWorkspaceCLI" name="test_cleanup_workspaces_dry_run" time="0.001" /><testcase classname="tests.unit.cli.test_cli_workspace.TestWorkspaceCLI" name="test_cleanup_workspaces_unavailable" time="0.000" /><testcase classname="tests.unit.cli.test_cli_workspace.TestWorkspaceCLI" name="test_create_test_workspace" time="0.000" /><testcase classname="tests.unit.cli.test_cli_workspace.TestWorkspaceCLI" name="test_display_workspace_summary" time="0.010" /><testcase classname="tests.unit.cli.test_cli_workspace.TestWorkspaceCLI" name="test_list_workspaces_empty" time="0.001" /><testcase classname="tests.unit.cli.test_cli_workspace.TestWorkspaceCLI" name="test_list_workspaces_nonexistent_directory" time="0.000" /><testcase classname="tests.unit.cli.test_cli_workspace.TestWorkspaceCLI" name="test_list_workspaces_with_directories" time="0.001" /><testcase classname="tests.unit.cli.test_cli_workspace.TestWorkspaceCLI" name="test_main_cleanup_command" time="0.002" /><testcase classname="tests.unit.cli.test_cli_workspace.TestWorkspaceCLI" name="test_main_integration_list" time="0.001" /><testcase classname="tests.unit.cli.test_cli_workspace.TestWorkspaceCLI" name="test_main_list_command" time="0.002" /><testcase classname="tests.unit.cli.test_cli_workspace.TestWorkspaceCLI" name="test_main_stats_command" time="0.001" /><testcase classname="tests.unit.cli.test_cli_workspace.TestWorkspaceCLI" name="test_setup_logging_custom_level" time="0.001" /><testcase classname="tests.unit.cli.test_cli_workspace.TestWorkspaceCLI" name="test_setup_logging_default" time="0.001" /><testcase classname="tests.unit.cli.test_cli_workspace.TestWorkspaceCLI" name="test_setup_logging_invalid_level" time="0.001" /><testcase classname="tests.unit.cli.test_cli_workspace.TestWorkspaceCLI" name="test_workspace_error_handling" time="0.001" /><testcase classname="tests.unit.cli.test_cli_workspace.TestWorkspaceCLI" name="test_workspace_naming_convention" time="0.001" /><testcase classname="tests.unit.cli.test_cli_workspace.TestWorkspaceCLI" name="test_workspace_stats_calculation" time="0.002" /><testcase classname="tests.unit.core.test_chemistry" name="test_detect_and_substitute_organometallic" time="0.001" /><testcase classname="tests.unit.core.test_chemistry" name="test_needs_uff_fallback" time="0.001" /><testcase classname="tests.unit.core.test_chemistry" name="test_has_rhenium_complex" time="0.000" /><testcase classname="tests.unit.core.test_chemistry" name="test_is_large_peptide_or_polysaccharide_small_cases" time="0.000" /><testcase classname="tests.unit.core.test_chemistry" name="test_validate_target_molecule" time="0.000" /><testcase classname="tests.unit.core.test_core_pipeline.TestTEMPLPipelineBasicFunctionality" name="test_pipeline_initialization" time="0.001" /><testcase classname="tests.unit.core.test_core_pipeline.TestTEMPLPipelineBasicFunctionality" name="test_pipeline_with_config" time="0.001" /><testcase classname="tests.unit.core.test_core_pipeline.TestTEMPLPipelineBasicFunctionality" name="test_config_property_access" time="0.001" /><testcase classname="tests.unit.core.test_core_pipeline.TestTEMPLPipelineBasicFunctionality" name="test_config_modification" time="0.001" /><testcase classname="tests.unit.core.test_core_pipeline.TestTEMPLPipelineMethodsExist" name="test_load_target_data_exists" time="0.001" /><testcase classname="tests.unit.core.test_core_pipeline.TestTEMPLPipelineMethodsExist" name="test_load_templates_exists" time="2.887" /><testcase classname="tests.unit.core.test_core_pipeline.TestTEMPLPipelineMethodsExist" name="test_run_exists" time="0.011" /><testcase classname="tests.unit.core.test_core_pipeline.TestTEMPLPipelineMethodsExist" name="test_utility_methods_exist" time="0.001" /><testcase classname="tests.unit.core.test_core_pipeline.TestTEMPLPipelineAddedMethods" name="test_prepare_query_molecule_valid" time="0.001" /><testcase classname="tests.unit.core.test_core_pipeline.TestTEMPLPipelineAddedMethods" name="test_prepare_query_molecule_invalid" time="0.001" /><testcase classname="tests.unit.core.test_core_pipeline.TestTEMPLPipelineAddedMethods" name="test_generate_embedding_exists" time="0.001" /><testcase classname="tests.unit.core.test_core_pipeline.TestTEMPLPipelineIntegration" name="test_run_full_pipeline_exists" time="0.002" /><testcase classname="tests.unit.core.test_core_pipeline.TestTEMPLPipelineIntegration" name="test_run_with_mocked_dependencies" time="0.001" /><testcase classname="tests.unit.core.test_core_pipeline.TestTEMPLPipelineErrorHandling" name="test_invalid_output_directory" time="0.000" /><testcase classname="tests.unit.core.test_core_pipeline.TestTEMPLPipelineErrorHandling" name="test_nonexistent_embedding_file" time="0.000" /><testcase classname="tests.unit.core.test_core_pipeline.TestTEMPLPipelineValidation" name="test_empty_config_values" time="0.000" /><testcase classname="tests.unit.core.test_core_pipeline.TestTEMPLPipelineValidation" name="test_config_boundary_values" time="0.000" /><testcase classname="tests.unit.core.test_core_pipeline" name="test_pipeline_with_real_example_data[test_data0]" time="0.001" /><testcase classname="tests.unit.core.test_core_pipeline" name="test_pipeline_with_real_example_data[test_data1]" time="0.001" /><testcase classname="tests.unit.core.test_core_pipeline" name="test_pipeline_with_1iky_example_data" time="0.001" /><testcase classname="tests.unit.core.test_core_pipeline" name="test_pipeline_with_5eqy_example_data" time="0.001" /><testcase classname="tests.unit.core.test_core_pipeline" name="test_similarity_thresholds[0.1]" time="0.001" /><testcase classname="tests.unit.core.test_core_pipeline" name="test_similarity_thresholds[0.5]" time="0.000" /><testcase classname="tests.unit.core.test_core_pipeline" name="test_similarity_thresholds[0.8]" time="0.000" /><testcase classname="tests.unit.core.test_core_pipeline" name="test_similarity_thresholds[0.9]" time="0.001" /><testcase classname="tests.unit.core.test_core_pipeline" name="test_similarity_thresholds[0.95]" time="0.000" /><testcase classname="tests.unit.core.test_core_pipeline" name="test_pipeline_can_be_created_and_destroyed" time="0.000" /><testcase classname="tests.unit.core.test_embedding.TestEmbeddingManager" name="test_basic_initialization" time="0.001" /><testcase classname="tests.unit.core.test_embedding.TestEmbeddingManager" name="test_cache_operations" time="0.001" /><testcase classname="tests.unit.core.test_embedding.TestEmbeddingManager" name="test_embedding_retrieval" time="0.001" /><testcase classname="tests.unit.core.test_embedding.TestEmbeddingManager" name="test_initialization_with_nonexistent_file" time="0.001" /><testcase classname="tests.unit.core.test_embedding.TestEmbeddingManagerWithRealData" name="test_cache_operations" time="0.000" /><testcase classname="tests.unit.core.test_embedding.TestEmbeddingManagerWithRealData" name="test_chain_data" time="0.000" /><testcase classname="tests.unit.core.test_embedding.TestEmbeddingManagerWithRealData" name="test_embedding_generation_with_real_pdb" time="0.000" /><testcase classname="tests.unit.core.test_embedding.TestEmbeddingManagerWithRealData" name="test_find_neighbors" time="0.335" /><testcase classname="tests.unit.core.test_embedding.TestEmbeddingManagerWithRealData" name="test_get_protein_sequence_from_real_pdb" time="0.001" /><testcase classname="tests.unit.core.test_embedding.TestEmbeddingManagerWithRealData" name="test_load_embeddings" time="0.004" /><testcase classname="tests.unit.core.test_mcs.TestMCS" name="test_basic_mcs" time="0.005" /><testcase classname="tests.unit.core.test_mcs.TestMCS" name="test_constrained_embed" time="0.044" /><testcase classname="tests.unit.core.test_mcs.TestMCS" name="test_constrained_embed_with_parallel" time="0.015" /><testcase classname="tests.unit.core.test_mcs.TestMCS" name="test_mcs_with_benzene" time="0.001" /><testcase classname="tests.unit.core.test_mcs.TestMCS" name="test_mcs_with_three_molecules" time="0.001" /><testcase classname="tests.unit.core.test_mcs.TestMCSWithRealData" name="test_constrained_embed" time="0.000"><skipped type="pytest.skip" message="PDBBind ligand files not found in test environment">/home/dodo/Documents/projects/templ-pipeline/tests/unit/core/test_mcs.py:257: PDBBind ligand files not found in test environment</skipped></testcase><testcase classname="tests.unit.core.test_mcs.TestMCSWithRealData" name="test_find_mcs_with_real_ligands" time="0.000"><skipped type="pytest.skip" message="PDBBind ligand files not found in test environment">/home/dodo/Documents/projects/templ-pipeline/tests/unit/core/test_mcs.py:244: PDBBind ligand files not found in test environment</skipped></testcase><testcase classname="tests.unit.core.test_mcs.TestMCSErrorHandling" name="test_empty_molecule_list" time="0.001" /><testcase classname="tests.unit.core.test_mcs.TestMCSErrorHandling" name="test_invalid_smiles" time="0.000" /><testcase classname="tests.unit.core.test_mcs.TestMCSErrorHandling" name="test_none_molecules" time="0.000" /><testcase classname="tests.unit.core.test_mcs.TestMCSErrorHandling" name="test_single_molecule" time="0.001" /><testcase classname="tests.unit.core.test_scoring.TestScoring" name="test_generate_properties_for_sdf" time="0.003" /><testcase classname="tests.unit.core.test_scoring.TestScoring" name="test_rmsd_raw" time="0.002" /><testcase classname="tests.unit.core.test_scoring.TestScoring" name="test_rmsd_raw_error_handling" time="0.002" /><testcase classname="tests.unit.core.test_scoring.TestScoring" name="test_score_and_align_basic" time="0.002" /><testcase classname="tests.unit.core.test_scoring.TestScoring" name="test_score_and_align_error_handling" time="0.002" /><testcase classname="tests.unit.core.test_scoring.TestScoring" name="test_select_best_no_conformers" time="0.002" /><testcase classname="tests.unit.core.test_scoring.TestScoring" name="test_select_best_parallel" time="0.199" /><testcase classname="tests.unit.core.test_scoring.TestScoring" name="test_select_best_sequential" time="0.189" /><testcase classname="tests.unit.core.test_templates.TestFilterTemplatesByCArmsd" name="test_filter_with_infinite_threshold" time="0.001" /><testcase classname="tests.unit.core.test_templates.TestFilterTemplatesByCArmsd" name="test_filter_with_valid_ca_rmsd_properties" time="0.000" /><testcase classname="tests.unit.core.test_templates.TestFilterTemplatesByCArmsd" name="test_filter_with_missing_ca_rmsd_properties" time="0.000" /><testcase classname="tests.unit.core.test_templates.TestFilterTemplatesByCArmsd" name="test_filter_with_invalid_ca_rmsd_values" time="0.000" /><testcase classname="tests.unit.core.test_templates.TestFilterTemplatesByCArmsd" name="test_filter_with_empty_list" time="0.000" /><testcase classname="tests.unit.core.test_templates.TestGetTemplatesWithProgressiveFallback" name="test_successful_filtering_with_primary_threshold" time="0.000" /><testcase classname="tests.unit.core.test_templates.TestGetTemplatesWithProgressiveFallback" name="test_fallback_to_relaxed_threshold" time="0.001" /><testcase classname="tests.unit.core.test_templates.TestGetTemplatesWithProgressiveFallback" name="test_central_atom_fallback" time="0.001" /><testcase classname="tests.unit.core.test_templates.TestGetTemplatesWithProgressiveFallback" name="test_fallback_with_no_ca_rmsd_properties" time="0.001" /><testcase classname="tests.unit.core.test_templates.TestGetTemplatesWithProgressiveFallback" name="test_empty_template_list" time="0.001" /><testcase classname="tests.unit.core.test_templates.TestGetTemplatesWithProgressiveFallback" name="test_default_fallback_thresholds" time="0.000" /><testcase classname="tests.unit.core.test_timesplit.TestTimeSplitImproved" name="test_splits_loading_with_synthetic_data" time="0.007" /><testcase classname="tests.unit.core.test_timesplit.TestTimeSplitImproved" name="test_template_selection_with_synthetic_data" time="0.001" /><testcase classname="tests.unit.core.test_timesplit.TestTimeSplitImproved" name="test_split_file_format_validation" time="0.000" /><testcase classname="tests.unit.core.test_timesplit.TestTimeSplitImproved" name="test_embedding_pdb_matching" time="0.001" /><testcase classname="tests.unit.core.test_timesplit.TestTimeSplitImproved" name="test_individual_split_files[train]" time="0.000" /><testcase classname="tests.unit.core.test_timesplit.TestTimeSplitImproved" name="test_individual_split_files[val]" time="0.000" /><testcase classname="tests.unit.core.test_timesplit.TestTimeSplitImproved" name="test_individual_split_files[test]" time="0.000" /><testcase classname="tests.unit.core.test_timesplit.TestTimeSplitImproved" name="test_split_data_isolation" time="0.000" /><testcase classname="tests.unit.ui.test_ui_components.TestHeaderComponent" name="test_render_header_basic" time="0.002" /><testcase classname="tests.unit.ui.test_ui_components.TestHeaderComponent" name="test_render_header_css_styling" time="0.001" /><testcase classname="tests.unit.ui.test_ui_components.TestHeaderComponent" name="test_render_header_no_debug_mode" time="0.001" /><testcase classname="tests.unit.ui.test_ui_components.TestHeaderComponent" name="test_render_header_with_debug_mode" time="0.002" /><testcase classname="tests.unit.ui.test_ui_components.TestHeaderComponent" name="test_render_header_with_version" time="0.001" /><testcase classname="tests.unit.ui.test_ui_components.TestStatusBarComponent" name="test_render_status_bar_idle" time="0.002" /><testcase classname="tests.unit.ui.test_ui_components.TestStatusBarComponent" name="test_render_status_bar_minimal_info" time="0.002" /><testcase classname="tests.unit.ui.test_ui_components.TestStatusBarComponent" name="test_render_status_bar_with_results" time="0.003" /><testcase classname="tests.unit.ui.test_ui_components.TestUIComponentsIntegration" name="test_component_imports" time="0.001" /><testcase classname="tests.unit.ui.test_ui_components.TestUIComponentsIntegration" name="test_components_work_together" time="0.003" /><testcase classname="tests.unit.ui.test_ui_components.TestUIComponentsIntegration" name="test_config_validation" time="0.001" /><testcase classname="tests.unit.ui.test_ui_components.TestUIComponentsIntegration" name="test_constants_are_defined" time="0.001" /><testcase classname="tests.unit.ui.test_ui_components.TestUIComponentsIntegration" name="test_header_error_handling" time="0.002" /></testsuite></testsuites>